#-----------------------------------------------------------
# Vivado v2018.1 (64-bit)
# SW Build 2188600 on Wed Apr  4 18:40:38 MDT 2018
# IP Build 2185939 on Wed Apr  4 20:55:05 MDT 2018
# Start of session at: Wed May 14 11:22:17 2025
# Process ID: 9440
# Current directory: C:/Users/This PC/Downloads/nanoprocessor_4bit
# Command line: vivado.exe -gui_launcher_event rodinguilauncherevent9972 C:\Users\This PC\Downloads\nanoprocessor_4bit\Lab9.xpr
# Log file: C:/Users/This PC/Downloads/nanoprocessor_4bit/vivado.log
# Journal file: C:/Users/This PC/Downloads/nanoprocessor_4bit\vivado.jou
#-----------------------------------------------------------
start_gui
open_project {C:/Users/This PC/Downloads/nanoprocessor_4bit/Lab9.xpr}
update_compile_order -fileset sources_1
launch_simulation
open_wave_config {C:/Users/This PC/Downloads/nanoprocessor_4bit/Lab9.sim/sim_1/Processor_4bit_tb_behav.wcfg}
source Processor_4bit_tb.tcl
save_wave_config {C:/Users/This PC/Downloads/nanoprocessor_4bit/Lab9.sim/sim_1/Processor_4bit_tb_behav.wcfg}
close_sim
launch_simulation
open_wave_config {C:/Users/This PC/Downloads/nanoprocessor_4bit/Lab9.sim/sim_1/Processor_4bit_tb_behav.wcfg}
source Processor_4bit_tb.tcl
close_sim
launch_simulation
open_wave_config {C:/Users/This PC/Downloads/nanoprocessor_4bit/Lab9.sim/sim_1/Processor_4bit_tb_behav.wcfg}
source Processor_4bit_tb.tcl
current_wave_config {Processor_4bit_tb_behav.wcfg}
add_wave {{/Processor_4bit_tb/uut/PC_register_0/D}} 
save_wave_config {C:/Users/This PC/Downloads/nanoprocessor_4bit/Lab9.sim/sim_1/Processor_4bit_tb_behav.wcfg}
close_sim
launch_simulation
open_wave_config {C:/Users/This PC/Downloads/nanoprocessor_4bit/Lab9.sim/sim_1/Processor_4bit_tb_behav.wcfg}
source Processor_4bit_tb.tcl
current_wave_config {Processor_4bit_tb_behav.wcfg*}
add_wave {{/Processor_4bit_tb/uut/Register_Bank_0/Data_out_0}} 
current_wave_config {Processor_4bit_tb_behav.wcfg*}
add_wave {{/Processor_4bit_tb/uut/Register_Bank_0/Data_out_1}} 
current_wave_config {Processor_4bit_tb_behav.wcfg*}
add_wave {{/Processor_4bit_tb/uut/Register_Bank_0/Data_out_2}} 
save_wave_config {C:/Users/This PC/Downloads/nanoprocessor_4bit/Lab9.sim/sim_1/Processor_4bit_tb_behav.wcfg}
close_sim
launch_simulation
open_wave_config {C:/Users/This PC/Downloads/nanoprocessor_4bit/Lab9.sim/sim_1/Processor_4bit_tb_behav.wcfg}
source Processor_4bit_tb.tcl
close_sim
launch_simulation
launch_simulation
open_wave_config {C:/Users/This PC/Downloads/nanoprocessor_4bit/Lab9.sim/sim_1/Processor_4bit_tb_behav.wcfg}
source Processor_4bit_tb.tcl
close_sim
launch_simulation
open_wave_config {C:/Users/This PC/Downloads/nanoprocessor_4bit/Lab9.sim/sim_1/Processor_4bit_tb_behav.wcfg}
source Processor_4bit_tb.tcl
current_wave_config {Processor_4bit_tb_behav.wcfg}
add_wave {{/Processor_4bit_tb/uut/Instruction_Decoder_0/RegEn}} 
save_wave_config {C:/Users/This PC/Downloads/nanoprocessor_4bit/Lab9.sim/sim_1/Processor_4bit_tb_behav.wcfg}
close_sim
launch_simulation
open_wave_config {C:/Users/This PC/Downloads/nanoprocessor_4bit/Lab9.sim/sim_1/Processor_4bit_tb_behav.wcfg}
source Processor_4bit_tb.tcl
current_wave_config {Processor_4bit_tb_behav.wcfg}
add_wave {{/Processor_4bit_tb/uut/Register_Bank_0/Data_in}} 
current_wave_config {Processor_4bit_tb_behav.wcfg*}
add_wave {{/Processor_4bit_tb/uut/Register_Bank_0/Decoder_3_to_8_0/Y}} 
save_wave_config {C:/Users/This PC/Downloads/nanoprocessor_4bit/Lab9.sim/sim_1/Processor_4bit_tb_behav.wcfg}
close_sim
launch_simulation
open_wave_config {C:/Users/This PC/Downloads/nanoprocessor_4bit/Lab9.sim/sim_1/Processor_4bit_tb_behav.wcfg}
source Processor_4bit_tb.tcl
# Disabling source management mode.  This is to allow the top design properties to be set without GUI intervention.
set_property source_mgmt_mode None [current_project]
set_property top REG [current_fileset]
# Re-enabling previously disabled source management mode.
set_property source_mgmt_mode All [current_project]
update_compile_order -fileset sources_1
set_property SOURCE_SET sources_1 [get_filesets sim_1]
import_files -fileset sim_1 -norecurse {{C:/Users/This PC/Downloads/REG_tb.vhdl}}
update_compile_order -fileset sim_1
# Disabling source management mode.  This is to allow the top design properties to be set without GUI intervention.
set_property source_mgmt_mode None [current_project]
set_property top REG_tb [get_filesets sim_1]
set_property top_lib xil_defaultlib [get_filesets sim_1]
# Re-enabling previously disabled source management mode.
set_property source_mgmt_mode All [current_project]
update_compile_order -fileset sim_1
launch_simulation
open_wave_config {C:/Users/This PC/Downloads/nanoprocessor_4bit/Lab9.sim/sim_1/Processor_4bit_tb_behav.wcfg}
source REG_tb.tcl
current_wave_config {Processor_4bit_tb_behav.wcfg}
add_wave {{/REG_tb/D}} 
current_wave_config {Processor_4bit_tb_behav.wcfg*}
add_wave {{/REG_tb}} 
# Disabling source management mode.  This is to allow the top design properties to be set without GUI intervention.
set_property source_mgmt_mode None [current_project]
set_property top PC_register [current_fileset]
# Re-enabling previously disabled source management mode.
set_property source_mgmt_mode All [current_project]
update_compile_order -fileset sources_1
# Disabling source management mode.  This is to allow the top design properties to be set without GUI intervention.
set_property source_mgmt_mode None [current_project]
set_property top REG [current_fileset]
# Re-enabling previously disabled source management mode.
set_property source_mgmt_mode All [current_project]
update_compile_order -fileset sources_1
save_wave_config {C:/Users/This PC/Downloads/nanoprocessor_4bit/Lab9.sim/sim_1/Processor_4bit_tb_behav.wcfg}
close_sim
launch_simulation
open_wave_config {C:/Users/This PC/Downloads/nanoprocessor_4bit/Lab9.sim/sim_1/Processor_4bit_tb_behav.wcfg}
source REG_tb.tcl
close_sim
launch_simulation
open_wave_config {C:/Users/This PC/Downloads/nanoprocessor_4bit/Lab9.sim/sim_1/Processor_4bit_tb_behav.wcfg}
source REG_tb.tcl
close_sim
launch_simulation
open_wave_config {C:/Users/This PC/Downloads/nanoprocessor_4bit/Lab9.sim/sim_1/Processor_4bit_tb_behav.wcfg}
source REG_tb.tcl
# Disabling source management mode.  This is to allow the top design properties to be set without GUI intervention.
set_property source_mgmt_mode None [current_project]
set_property top Processor_4bit [current_fileset]
# Re-enabling previously disabled source management mode.
set_property source_mgmt_mode All [current_project]
# Disabling source management mode.  This is to allow the top design properties to be set without GUI intervention.
set_property source_mgmt_mode None [current_project]
set_property top Processor_4bit_tb [get_filesets sim_1]
set_property top_lib xil_defaultlib [get_filesets sim_1]
# Re-enabling previously disabled source management mode.
set_property source_mgmt_mode All [current_project]
update_compile_order -fileset sources_1
update_compile_order -fileset sim_1
current_sim simulation_9
close_sim
launch_simulation
open_wave_config {C:/Users/This PC/Downloads/nanoprocessor_4bit/Lab9.sim/sim_1/Processor_4bit_tb_behav.wcfg}
source Processor_4bit_tb.tcl
current_wave_config {Processor_4bit_tb_behav.wcfg}
add_wave {{/Processor_4bit_tb}} 
save_wave_config {C:/Users/This PC/Downloads/nanoprocessor_4bit/Lab9.sim/sim_1/Processor_4bit_tb_behav.wcfg}
close_sim
launch_simulation
open_wave_config {C:/Users/This PC/Downloads/nanoprocessor_4bit/Lab9.sim/sim_1/Processor_4bit_tb_behav.wcfg}
source Processor_4bit_tb.tcl
current_wave_config {Processor_4bit_tb_behav.wcfg}
add_wave {{/Processor_4bit_tb/uut/Slow_Clock_0/Clk_out}} 
current_wave_config {Processor_4bit_tb_behav.wcfg*}
add_wave {{/Processor_4bit_tb/uut/Instruction_Decoder_0/RegEn}} 
current_wave_config {Processor_4bit_tb_behav.wcfg*}
add_wave {{/Processor_4bit_tb/uut/Instruction_Decoder_0/ImVal}} 
current_wave_config {Processor_4bit_tb_behav.wcfg*}
add_wave {{/Processor_4bit_tb/uut/Register_Bank_0/REG0}} 
current_wave_config {Processor_4bit_tb_behav.wcfg*}
add_wave {{/Processor_4bit_tb/uut/Register_Bank_0/REG1/Y}} 
current_wave_config {Processor_4bit_tb_behav.wcfg*}
add_wave {{/Processor_4bit_tb/uut/Register_Bank_0/REG0/D}} 
current_wave_config {Processor_4bit_tb_behav.wcfg*}
add_wave {{/Processor_4bit_tb/uut/Register_Bank_0/REG0/Y}} 
current_wave_config {Processor_4bit_tb_behav.wcfg*}
add_wave {{/Processor_4bit_tb/uut/Register_Bank_0/REG2/Y}} 
save_wave_config {C:/Users/This PC/Downloads/nanoprocessor_4bit/Lab9.sim/sim_1/Processor_4bit_tb_behav.wcfg}
close_sim
launch_simulation
open_wave_config {C:/Users/This PC/Downloads/nanoprocessor_4bit/Lab9.sim/sim_1/Processor_4bit_tb_behav.wcfg}
source Processor_4bit_tb.tcl
close_sim
launch_simulation
open_wave_config {C:/Users/This PC/Downloads/nanoprocessor_4bit/Lab9.sim/sim_1/Processor_4bit_tb_behav.wcfg}
source Processor_4bit_tb.tcl
close_sim
launch_simulation
open_wave_config {C:/Users/This PC/Downloads/nanoprocessor_4bit/Lab9.sim/sim_1/Processor_4bit_tb_behav.wcfg}
source Processor_4bit_tb.tcl
close_sim
launch_simulation
open_wave_config {C:/Users/This PC/Downloads/nanoprocessor_4bit/Lab9.sim/sim_1/Processor_4bit_tb_behav.wcfg}
source Processor_4bit_tb.tcl
# Disabling source management mode.  This is to allow the top design properties to be set without GUI intervention.
set_property source_mgmt_mode None [current_project]
set_property top REG [current_fileset]
# Re-enabling previously disabled source management mode.
set_property source_mgmt_mode All [current_project]
update_compile_order -fileset sources_1
# Disabling source management mode.  This is to allow the top design properties to be set without GUI intervention.
set_property source_mgmt_mode None [current_project]
set_property top REG_tb [get_filesets sim_1]
set_property top_lib xil_defaultlib [get_filesets sim_1]
# Re-enabling previously disabled source management mode.
set_property source_mgmt_mode All [current_project]
update_compile_order -fileset sim_1
current_sim simulation_13
close_sim
launch_simulation
open_wave_config {C:/Users/This PC/Downloads/nanoprocessor_4bit/Lab9.sim/sim_1/Processor_4bit_tb_behav.wcfg}
source REG_tb.tcl
close_sim
launch_simulation
open_wave_config {C:/Users/This PC/Downloads/nanoprocessor_4bit/Lab9.sim/sim_1/Processor_4bit_tb_behav.wcfg}
source REG_tb.tcl
current_wave_config {Processor_4bit_tb_behav.wcfg}
add_wave {{/REG_tb}} 
close_sim
launch_simulation
open_wave_config {C:/Users/This PC/Downloads/nanoprocessor_4bit/Lab9.sim/sim_1/Processor_4bit_tb_behav.wcfg}
source REG_tb.tcl
current_wave_config {Processor_4bit_tb_behav.wcfg}
add_wave {{/REG_tb}} 
save_wave_config {C:/Users/This PC/Downloads/nanoprocessor_4bit/Lab9.sim/sim_1/Processor_4bit_tb_behav.wcfg}
close_sim
launch_simulation
open_wave_config {C:/Users/This PC/Downloads/nanoprocessor_4bit/Lab9.sim/sim_1/Processor_4bit_tb_behav.wcfg}
source REG_tb.tcl
# Disabling source management mode.  This is to allow the top design properties to be set without GUI intervention.
set_property source_mgmt_mode None [current_project]
set_property top Processor_4bit [current_fileset]
# Re-enabling previously disabled source management mode.
set_property source_mgmt_mode All [current_project]
update_compile_order -fileset sources_1
# Disabling source management mode.  This is to allow the top design properties to be set without GUI intervention.
set_property source_mgmt_mode None [current_project]
set_property top Processor_4bit_tb [get_filesets sim_1]
set_property top_lib xil_defaultlib [get_filesets sim_1]
# Re-enabling previously disabled source management mode.
set_property source_mgmt_mode All [current_project]
update_compile_order -fileset sim_1
# Disabling source management mode.  This is to allow the top design properties to be set without GUI intervention.
set_property source_mgmt_mode None [current_project]
set_property top Register_Bank_tb [get_filesets sim_1]
set_property top_lib xil_defaultlib [get_filesets sim_1]
# Re-enabling previously disabled source management mode.
set_property source_mgmt_mode All [current_project]
update_compile_order -fileset sim_1
# Disabling source management mode.  This is to allow the top design properties to be set without GUI intervention.
set_property source_mgmt_mode None [current_project]
set_property top Register_Bank [current_fileset]
# Re-enabling previously disabled source management mode.
set_property source_mgmt_mode All [current_project]
update_compile_order -fileset sources_1
launch_simulation
open_wave_config {C:/Users/This PC/Downloads/nanoprocessor_4bit/Lab9.sim/sim_1/Processor_4bit_tb_behav.wcfg}
source Register_Bank_tb.tcl
current_wave_config {Processor_4bit_tb_behav.wcfg}
add_wave {{/Register_Bank_tb}} 
save_wave_config {C:/Users/This PC/Downloads/nanoprocessor_4bit/Lab9.sim/sim_1/Processor_4bit_tb_behav.wcfg}
close_sim
launch_simulation
open_wave_config {C:/Users/This PC/Downloads/nanoprocessor_4bit/Lab9.sim/sim_1/Processor_4bit_tb_behav.wcfg}
source Register_Bank_tb.tcl
close_sim
launch_simulation
open_wave_config {C:/Users/This PC/Downloads/nanoprocessor_4bit/Lab9.sim/sim_1/Processor_4bit_tb_behav.wcfg}
source Register_Bank_tb.tcl
update_compile_order -fileset sources_1
close_sim
launch_simulation
open_wave_config {C:/Users/This PC/Downloads/nanoprocessor_4bit/Lab9.sim/sim_1/Processor_4bit_tb_behav.wcfg}
source Register_Bank_tb.tcl
update_compile_order -fileset sources_1
save_wave_config {C:/Users/This PC/Downloads/nanoprocessor_4bit/Lab9.sim/sim_1/Processor_4bit_tb_behav.wcfg}
close_sim
launch_simulation
open_wave_config {C:/Users/This PC/Downloads/nanoprocessor_4bit/Lab9.sim/sim_1/Processor_4bit_tb_behav.wcfg}
source Register_Bank_tb.tcl
# Disabling source management mode.  This is to allow the top design properties to be set without GUI intervention.
set_property source_mgmt_mode None [current_project]
set_property top Processor_4bit [current_fileset]
# Re-enabling previously disabled source management mode.
set_property source_mgmt_mode All [current_project]
update_compile_order -fileset sources_1
# Disabling source management mode.  This is to allow the top design properties to be set without GUI intervention.
set_property source_mgmt_mode None [current_project]
set_property top Processor_4bit_tb [get_filesets sim_1]
set_property top_lib xil_defaultlib [get_filesets sim_1]
# Re-enabling previously disabled source management mode.
set_property source_mgmt_mode All [current_project]
update_compile_order -fileset sim_1
current_sim simulation_19
close_sim
launch_simulation
open_wave_config {C:/Users/This PC/Downloads/nanoprocessor_4bit/Lab9.sim/sim_1/Processor_4bit_tb_behav.wcfg}
source Processor_4bit_tb.tcl
current_wave_config {Processor_4bit_tb_behav.wcfg}
add_wave {{/Processor_4bit_tb}} 
save_wave_config {C:/Users/This PC/Downloads/nanoprocessor_4bit/Lab9.sim/sim_1/Processor_4bit_tb_behav.wcfg}
close_sim
launch_simulation
open_wave_config {C:/Users/This PC/Downloads/nanoprocessor_4bit/Lab9.sim/sim_1/Processor_4bit_tb_behav.wcfg}
source Processor_4bit_tb.tcl
